// Jest Snapshot v1, https://goo.gl/fbAQLP

exports[`home should render 1`] = `
<div>
  <div>
    mi resultado
  </div>
</div>
`;
